// Jest Snapshot v1, https://goo.gl/fbAQLP

exports[`GameBoard render should call console log 1`] = `
"╔═════╤═════╤═════╤═════╗
║     │  A  │  B  │  C  ║
╟─────┼─────┼─────┼─────╢
║  1  │  [34mx[39m  │  [31mo[39m  │     ║
╟─────┼─────┼─────┼─────╢
║  2  │  [34mx[39m  │     │     ║
╟─────┼─────┼─────┼─────╢
║  3  │     │     │     ║
╚═════╧═════╧═════╧═════╝
"
`;
